==========================================
Network Diagnostic Report - 2026-09-28_16-08-16
==========================================

--- LOCAL WEB SERVER CHECK (http://localhost:8080) ---
HTTP Response Code: 200

--- DNS LOOKUP (aws.amazon.com) ---
Non-authoritative answer:
Server:  dns.google
Address:  8.8.8.8

Name:    dr49lng3n1n2s.cloudfront.net
Addresses:  2600:9000:2813:8e00:1c:a813:8500:93a1
	  2600:9000:2813:5000:1c:a813:8500:93a1
	  2600:9000:2813:a400:1c:a813:8500:93a1
	  2600:9000:2813:3600:1c:a813:8500:93a1
	  2600:9000:2813:e400:1c:a813:8500:93a1
	  2600:9000:2813:de00:1c:a813:8500:93a1
	  2600:9000:2813:f800:1c:a813:8500:93a1
	  2600:9000:2813:e600:1c:a813:8500:93a1
	  3.160.170.109
	  3.160.170.120
	  3.160.170.92
	  3.160.170.50
Aliases:  aws.amazon.com
	  tp.8e49140c2-frontier.amazon.com


--- REMOTE HTTP CHECK (aws.amazon.com) ---
HTTP Response Code: 200
