==========================================
Network Diagnostic Report - 2026-09-28_16-13-18
==========================================

--- LOCAL WEB SERVER CHECK (http://localhost:8080) ---
HTTP Response Code: 200

--- DNS LOOKUP (aws.amazon.com) ---
Non-authoritative answer:
Server:  dns.google
Address:  8.8.8.8

Name:    dr49lng3n1n2s.cloudfront.net
Addresses:  2600:9000:2813:800:1c:a813:8500:93a1
	  2600:9000:2813:6c00:1c:a813:8500:93a1
	  2600:9000:2813:6800:1c:a813:8500:93a1
	  2600:9000:2813:a600:1c:a813:8500:93a1
	  2600:9000:2813:7000:1c:a813:8500:93a1
	  2600:9000:2813:5e00:1c:a813:8500:93a1
	  2600:9000:2813:4000:1c:a813:8500:93a1
	  2600:9000:2813:e00:1c:a813:8500:93a1
	  3.160.170.50
	  3.160.170.120
	  3.160.170.109
	  3.160.170.92
Aliases:  aws.amazon.com
	  tp.8e49140c2-frontier.amazon.com


--- REMOTE HTTP CHECK (aws.amazon.com) ---
HTTP Response Code: 200
